{"timestamp":"2026-09-18T14:03:29.521202Z","level":"info","event":"::group::Pre Execute","logger":"task","filename":"task_runner.py","lineno":2412}
{"timestamp":"2026-09-18T14:03:29.565662Z","level":"info","event":"DAG bundles loaded: dags-folder","run_id":"manual__2026-09-18T11:25:04.341056+00:00","try_number":2,"map_index":-1,"ti_id":"01a0b4d4-526a-7a94-8594-8902da5af5a6","task_id":"extract_task","dag_id":"meteorisk_etl_pipeline","logger":"airflow.dag_processing.bundles.manager.DagBundlesManager","filename":"manager.py","lineno":304}
{"timestamp":"2026-09-18T14:03:29.574688Z","level":"info","event":"Filling up the DagBag from /opt/airflow/dags/weather_dag.py","run_id":"manual__2026-09-18T11:25:04.341056+00:00","try_number":2,"map_index":-1,"ti_id":"01a0b4d4-526a-7a94-8594-8902da5af5a6","task_id":"extract_task","dag_id":"meteorisk_etl_pipeline","logger":"airflow.dag_processing.dagbag.BundleDagBag","filename":"dagbag.py","lineno":460}
{"timestamp":"2026-09-18T14:03:30.318127Z","level":"warning","event":"The `airflow.decorators.task` attribute is deprecated. Please use `'airflow.sdk.task'`.","category":"UserWarning","filename":"/opt/airflow/dags/weather_dag.py","lineno":8,"run_id":"manual__2026-09-18T11:25:04.341056+00:00","try_number":2,"map_index":-1,"ti_id":"01a0b4d4-526a-7a94-8594-8902da5af5a6","task_id":"extract_task","dag_id":"meteorisk_etl_pipeline","logger":"py.warnings"}
{"timestamp":"2026-09-18T14:03:30.320429Z","level":"info","event":"Worker startup parse complete","bundle_name":"dags-folder","bundle_version":null,"dag_file":"weather_dag.py","dag_id":"meteorisk_etl_pipeline","bundle_prepare_ms":11,"dag_file_parse_ms":746,"run_id":"manual__2026-09-18T11:25:04.341056+00:00","try_number":2,"map_index":-1,"ti_id":"01a0b4d4-526a-7a94-8594-8902da5af5a6","task_id":"extract_task","logger":"task","filename":"task_runner.py","lineno":1073}
{"timestamp":"2026-09-18T14:03:30.353277Z","level":"info","event":"::endgroup::","run_id":"manual__2026-09-18T11:25:04.341056+00:00","try_number":2,"map_index":-1,"ti_id":"01a0b4d4-526a-7a94-8594-8902da5af5a6","task_id":"extract_task","dag_id":"meteorisk_etl_pipeline","logger":"task","filename":"task_runner.py","lineno":2232}
{"timestamp":"2026-09-18T14:03:30.403261Z","level":"info","event":"Error fetching data for Casablanca: No connection adapters were found for 'postgresql://postgres:2004@postgres:5432/meteorisk'","logger":"task.stdout"}
{"timestamp":"2026-09-18T14:03:30.404232Z","level":"info","event":"Error fetching data for Tangier: No connection adapters were found for 'postgresql://postgres:2004@postgres:5432/meteorisk'","logger":"task.stdout"}
{"timestamp":"2026-09-18T14:03:30.404892Z","level":"info","event":"Error fetching data for Fès: No connection adapters were found for 'postgresql://postgres:2004@postgres:5432/meteorisk'","logger":"task.stdout"}
{"timestamp":"2026-09-18T14:03:30.405433Z","level":"info","event":"Error fetching data for Marrakech: No connection adapters were found for 'postgresql://postgres:2004@postgres:5432/meteorisk'","logger":"task.stdout"}
{"timestamp":"2026-09-18T14:03:30.405850Z","level":"info","event":"Error fetching data for Sale: No connection adapters were found for 'postgresql://postgres:2004@postgres:5432/meteorisk'","logger":"task.stdout"}
{"timestamp":"2026-09-18T14:03:30.406344Z","level":"info","event":"Error fetching data for Meknès: No connection adapters were found for 'postgresql://postgres:2004@postgres:5432/meteorisk'","logger":"task.stdout"}
{"timestamp":"2026-09-18T14:03:30.406885Z","level":"info","event":"Error fetching data for Rabat: No connection adapters were found for 'postgresql://postgres:2004@postgres:5432/meteorisk'","logger":"task.stdout"}
{"timestamp":"2026-09-18T14:03:30.407349Z","level":"info","event":"Error fetching data for Agadir: No connection adapters were found for 'postgresql://postgres:2004@postgres:5432/meteorisk'","logger":"task.stdout"}
{"timestamp":"2026-09-18T14:03:30.407680Z","level":"info","event":"Error fetching data for Kenitra: No connection adapters were found for 'postgresql://postgres:2004@postgres:5432/meteorisk'","logger":"task.stdout"}
{"timestamp":"2026-09-18T14:03:30.408268Z","level":"info","event":"Error fetching data for Oujda-Angad: No connection adapters were found for 'postgresql://postgres:2004@postgres:5432/meteorisk'","logger":"task.stdout"}
{"timestamp":"2026-09-18T14:03:30.408780Z","level":"info","event":"Error fetching data for Tétouan: No connection adapters were found for 'postgresql://postgres:2004@postgres:5432/meteorisk'","logger":"task.stdout"}
{"timestamp":"2026-09-18T14:03:30.409297Z","level":"info","event":"Error fetching data for Safi: No connection adapters were found for 'postgresql://postgres:2004@postgres:5432/meteorisk'","logger":"task.stdout"}
{"timestamp":"2026-09-18T14:03:30.409785Z","level":"info","event":"Error fetching data for Taourirt: No connection adapters were found for 'postgresql://postgres:2004@postgres:5432/meteorisk'","logger":"task.stdout"}
{"timestamp":"2026-09-18T14:03:30.410258Z","level":"info","event":"Error fetching data for Temara: No connection adapters were found for 'postgresql://postgres:2004@postgres:5432/meteorisk'","logger":"task.stdout"}
{"timestamp":"2026-09-18T14:03:30.410760Z","level":"info","event":"Error fetching data for Laâyoune: No connection adapters were found for 'postgresql://postgres:2004@postgres:5432/meteorisk'","logger":"task.stdout"}
{"timestamp":"2026-09-18T14:03:30.411263Z","level":"info","event":"Error fetching data for El Jadid: No connection adapters were found for 'postgresql://postgres:2004@postgres:5432/meteorisk'","logger":"task.stdout"}
{"timestamp":"2026-09-18T14:03:30.411804Z","level":"info","event":"Error fetching data for Ait Melloul: No connection adapters were found for 'postgresql://postgres:2004@postgres:5432/meteorisk'","logger":"task.stdout"}
{"timestamp":"2026-09-18T14:03:30.413019Z","level":"info","event":"Error fetching data for Béni Mellal: No connection adapters were found for 'postgresql://postgres:2004@postgres:5432/meteorisk'","logger":"task.stdout"}
{"timestamp":"2026-09-18T14:03:30.413593Z","level":"info","event":"Error fetching data for Bouskoura: No connection adapters were found for 'postgresql://postgres:2004@postgres:5432/meteorisk'","logger":"task.stdout"}
{"timestamp":"2026-09-18T14:03:30.414269Z","level":"info","event":"Error fetching data for Tiznit: No connection adapters were found for 'postgresql://postgres:2004@postgres:5432/meteorisk'","logger":"task.stdout"}
{"timestamp":"2026-09-18T14:03:30.414754Z","level":"info","event":"Error fetching data for Mohammedia: No connection adapters were found for 'postgresql://postgres:2004@postgres:5432/meteorisk'","logger":"task.stdout"}
{"timestamp":"2026-09-18T14:03:30.415186Z","level":"info","event":"Error fetching data for Kouribga: No connection adapters were found for 'postgresql://postgres:2004@postgres:5432/meteorisk'","logger":"task.stdout"}
{"timestamp":"2026-09-18T14:03:30.415599Z","level":"info","event":"Error fetching data for Settat: No connection adapters were found for 'postgresql://postgres:2004@postgres:5432/meteorisk'","logger":"task.stdout"}
{"timestamp":"2026-09-18T14:03:30.416160Z","level":"info","event":"Error fetching data for Barrechid: No connection adapters were found for 'postgresql://postgres:2004@postgres:5432/meteorisk'","logger":"task.stdout"}
{"timestamp":"2026-09-18T14:03:30.416652Z","level":"info","event":"Error fetching data for Ad Dakhla: No connection adapters were found for 'postgresql://postgres:2004@postgres:5432/meteorisk'","logger":"task.stdout"}
{"timestamp":"2026-09-18T14:03:30.417111Z","level":"info","event":"Error fetching data for Nador: No connection adapters were found for 'postgresql://postgres:2004@postgres:5432/meteorisk'","logger":"task.stdout"}
{"timestamp":"2026-09-18T14:03:30.417611Z","level":"info","event":"Error fetching data for Taza: No connection adapters were found for 'postgresql://postgres:2004@postgres:5432/meteorisk'","logger":"task.stdout"}
{"timestamp":"2026-09-18T14:03:30.418177Z","level":"info","event":"Error fetching data for Inezgane: No connection adapters were found for 'postgresql://postgres:2004@postgres:5432/meteorisk'","logger":"task.stdout"}
{"timestamp":"2026-09-18T14:03:30.418778Z","level":"info","event":"Error fetching data for Larache: No connection adapters were found for 'postgresql://postgres:2004@postgres:5432/meteorisk'","logger":"task.stdout"}
{"timestamp":"2026-09-18T14:03:30.419276Z","level":"info","event":"Error fetching data for Al Khmissat: No connection adapters were found for 'postgresql://postgres:2004@postgres:5432/meteorisk'","logger":"task.stdout"}
{"timestamp":"2026-09-18T14:03:30.419716Z","level":"info","event":"Error fetching data for Guelmim: No connection adapters were found for 'postgresql://postgres:2004@postgres:5432/meteorisk'","logger":"task.stdout"}
{"timestamp":"2026-09-18T14:03:30.420191Z","level":"info","event":"Error fetching data for Ksar El Kebir: No connection adapters were found for 'postgresql://postgres:2004@postgres:5432/meteorisk'","logger":"task.stdout"}
{"timestamp":"2026-09-18T14:03:30.420642Z","level":"info","event":"Error fetching data for Khénifra: No connection adapters were found for 'postgresql://postgres:2004@postgres:5432/meteorisk'","logger":"task.stdout"}
{"timestamp":"2026-09-18T14:03:30.421226Z","level":"info","event":"Error fetching data for Skhirate: No connection adapters were found for 'postgresql://postgres:2004@postgres:5432/meteorisk'","logger":"task.stdout"}
{"timestamp":"2026-09-18T14:03:30.421749Z","level":"info","event":"Error fetching data for Beni Yakhlef: No connection adapters were found for 'postgresql://postgres:2004@postgres:5432/meteorisk'","logger":"task.stdout"}
{"timestamp":"2026-09-18T14:03:30.422264Z","level":"info","event":"Error fetching data for Sidi Yahya Zaer: No connection adapters were found for 'postgresql://postgres:2004@postgres:5432/meteorisk'","logger":"task.stdout"}
{"timestamp":"2026-09-18T14:03:30.422732Z","level":"info","event":"Error fetching data for Ben Guerir: No connection adapters were found for 'postgresql://postgres:2004@postgres:5432/meteorisk'","logger":"task.stdout"}
{"timestamp":"2026-09-18T14:03:30.423179Z","level":"info","event":"Error fetching data for Ait Ali: No connection adapters were found for 'postgresql://postgres:2004@postgres:5432/meteorisk'","logger":"task.stdout"}
{"timestamp":"2026-09-18T14:03:30.424122Z","level":"info","event":"Error fetching data for My Drarga: No connection adapters were found for 'postgresql://postgres:2004@postgres:5432/meteorisk'","logger":"task.stdout"}
{"timestamp":"2026-09-18T14:03:30.424674Z","level":"info","event":"Error fetching data for Lqoliaa: No connection adapters were found for 'postgresql://postgres:2004@postgres:5432/meteorisk'","logger":"task.stdout"}
{"timestamp":"2026-09-18T14:03:30.425154Z","level":"info","event":"Error fetching data for El Kelaa des Srarhna: No connection adapters were found for 'postgresql://postgres:2004@postgres:5432/meteorisk'","logger":"task.stdout"}
{"timestamp":"2026-09-18T14:03:30.425611Z","level":"info","event":"Error fetching data for Moulay Abdallah: No connection adapters were found for 'postgresql://postgres:2004@postgres:5432/meteorisk'","logger":"task.stdout"}
{"timestamp":"2026-09-18T14:03:30.426059Z","level":"info","event":"Error fetching data for Tiflet: No connection adapters were found for 'postgresql://postgres:2004@postgres:5432/meteorisk'","logger":"task.stdout"}
{"timestamp":"2026-09-18T14:03:30.426481Z","level":"info","event":"Error fetching data for Oulad Teïma: No connection adapters were found for 'postgresql://postgres:2004@postgres:5432/meteorisk'","logger":"task.stdout"}
{"timestamp":"2026-09-18T14:03:30.426907Z","level":"info","event":"Error fetching data for Berkane: No connection adapters were found for 'postgresql://postgres:2004@postgres:5432/meteorisk'","logger":"task.stdout"}
{"timestamp":"2026-09-18T14:03:30.427335Z","level":"info","event":"Error fetching data for Ain El Aouda: No connection adapters were found for 'postgresql://postgres:2004@postgres:5432/meteorisk'","logger":"task.stdout"}
{"timestamp":"2026-09-18T14:03:30.427817Z","level":"info","event":"Error fetching data for Errachidia: No connection adapters were found for 'postgresql://postgres:2004@postgres:5432/meteorisk'","logger":"task.stdout"}
{"timestamp":"2026-09-18T14:03:30.428917Z","level":"info","event":"Error fetching data for Al Fqih Ben Çalah: No connection adapters were found for 'postgresql://postgres:2004@postgres:5432/meteorisk'","logger":"task.stdout"}
{"timestamp":"2026-09-18T14:03:30.429771Z","level":"info","event":"Error fetching data for Ad Darwa: No connection adapters were found for 'postgresql://postgres:2004@postgres:5432/meteorisk'","logger":"task.stdout"}
{"timestamp":"2026-09-18T14:03:30.430375Z","level":"info","event":"Error fetching data for Martil: No connection adapters were found for 'postgresql://postgres:2004@postgres:5432/meteorisk'","logger":"task.stdout"}
{"timestamp":"2026-09-18T14:03:30.430759Z","level":"info","event":"Error fetching data for Sidi Slimane: No connection adapters were found for 'postgresql://postgres:2004@postgres:5432/meteorisk'","logger":"task.stdout"}
{"timestamp":"2026-09-18T14:03:30.431198Z","level":"info","event":"Error fetching data for Oued Zem: No connection adapters were found for 'postgresql://postgres:2004@postgres:5432/meteorisk'","logger":"task.stdout"}
{"timestamp":"2026-09-18T14:03:30.431644Z","level":"info","event":"Error fetching data for Sefrou: No connection adapters were found for 'postgresql://postgres:2004@postgres:5432/meteorisk'","logger":"task.stdout"}
{"timestamp":"2026-09-18T14:03:30.432075Z","level":"info","event":"Error fetching data for Taroudannt: No connection adapters were found for 'postgresql://postgres:2004@postgres:5432/meteorisk'","logger":"task.stdout"}
{"timestamp":"2026-09-18T14:03:30.432506Z","level":"info","event":"Error fetching data for Essaouira: No connection adapters were found for 'postgresql://postgres:2004@postgres:5432/meteorisk'","logger":"task.stdout"}
{"timestamp":"2026-09-18T14:03:30.432921Z","level":"info","event":"Error fetching data for Azrou: No connection adapters were found for 'postgresql://postgres:2004@postgres:5432/meteorisk'","logger":"task.stdout"}
{"timestamp":"2026-09-18T14:03:30.433313Z","level":"info","event":"Error fetching data for Guercif: No connection adapters were found for 'postgresql://postgres:2004@postgres:5432/meteorisk'","logger":"task.stdout"}
{"timestamp":"2026-09-18T14:03:30.433678Z","level":"info","event":"Error fetching data for Warzat: No connection adapters were found for 'postgresql://postgres:2004@postgres:5432/meteorisk'","logger":"task.stdout"}
{"timestamp":"2026-09-18T14:03:30.434099Z","level":"info","event":"Error fetching data for Fnidq: No connection adapters were found for 'postgresql://postgres:2004@postgres:5432/meteorisk'","logger":"task.stdout"}
{"timestamp":"2026-09-18T14:03:30.434560Z","level":"info","event":"Error fetching data for Tan-Tan: No connection adapters were found for 'postgresql://postgres:2004@postgres:5432/meteorisk'","logger":"task.stdout"}
{"timestamp":"2026-09-18T14:03:30.435035Z","level":"info","event":"Error fetching data for Sidi Qacem: No connection adapters were found for 'postgresql://postgres:2004@postgres:5432/meteorisk'","logger":"task.stdout"}
{"timestamp":"2026-09-18T14:03:30.435470Z","level":"info","event":"Error fetching data for M’diq: No connection adapters were found for 'postgresql://postgres:2004@postgres:5432/meteorisk'","logger":"task.stdout"}
{"timestamp":"2026-09-18T14:03:30.436111Z","level":"info","event":"Error fetching data for Youssoufia: No connection adapters were found for 'postgresql://postgres:2004@postgres:5432/meteorisk'","logger":"task.stdout"}
{"timestamp":"2026-09-18T14:03:30.436634Z","level":"info","event":"Error fetching data for Midalt: No connection adapters were found for 'postgresql://postgres:2004@postgres:5432/meteorisk'","logger":"task.stdout"}
{"timestamp":"2026-09-18T14:03:30.436950Z","level":"info","event":"Error fetching data for Aïn Harrouda: No connection adapters were found for 'postgresql://postgres:2004@postgres:5432/meteorisk'","logger":"task.stdout"}
{"timestamp":"2026-09-18T14:03:30.437293Z","level":"info","event":"Error fetching data for Souq Sebt Oulad Nemma: No connection adapters were found for 'postgresql://postgres:2004@postgres:5432/meteorisk'","logger":"task.stdout"}
{"timestamp":"2026-09-18T14:03:30.437847Z","level":"info","event":"Error fetching data for Mehdya: No connection adapters were found for 'postgresql://postgres:2004@postgres:5432/meteorisk'","logger":"task.stdout"}
{"timestamp":"2026-09-18T14:03:30.438217Z","level":"info","event":"Error fetching data for Ouezzane: No connection adapters were found for 'postgresql://postgres:2004@postgres:5432/meteorisk'","logger":"task.stdout"}
{"timestamp":"2026-09-18T14:03:30.438708Z","level":"info","event":"Error fetching data for Semara: No connection adapters were found for 'postgresql://postgres:2004@postgres:5432/meteorisk'","logger":"task.stdout"}
{"timestamp":"2026-09-18T14:03:30.439083Z","level":"info","event":"Error fetching data for Ait Ourir: No connection adapters were found for 'postgresql://postgres:2004@postgres:5432/meteorisk'","logger":"task.stdout"}
{"timestamp":"2026-09-18T14:03:30.439658Z","level":"info","event":"Error fetching data for Oulad Tayeb: No connection adapters were found for 'postgresql://postgres:2004@postgres:5432/meteorisk'","logger":"task.stdout"}
{"timestamp":"2026-09-18T14:03:30.440017Z","level":"info","event":"Error fetching data for Tit Mellil: No connection adapters were found for 'postgresql://postgres:2004@postgres:5432/meteorisk'","logger":"task.stdout"}
{"timestamp":"2026-09-18T14:03:30.440420Z","level":"info","event":"Error fetching data for Sidi Bennour: No connection adapters were found for 'postgresql://postgres:2004@postgres:5432/meteorisk'","logger":"task.stdout"}
{"timestamp":"2026-09-18T14:03:30.440757Z","level":"info","event":"Error fetching data for Temsia: No connection adapters were found for 'postgresql://postgres:2004@postgres:5432/meteorisk'","logger":"task.stdout"}
{"timestamp":"2026-09-18T14:03:30.441181Z","level":"info","event":"Error fetching data for Biougra: No connection adapters were found for 'postgresql://postgres:2004@postgres:5432/meteorisk'","logger":"task.stdout"}
{"timestamp":"2026-09-18T14:03:30.441648Z","level":"info","event":"Error fetching data for Al Hoceïma: No connection adapters were found for 'postgresql://postgres:2004@postgres:5432/meteorisk'","logger":"task.stdout"}
{"timestamp":"2026-09-18T14:03:30.442181Z","level":"info","event":"Error fetching data for Qasbat Tadla: No connection adapters were found for 'postgresql://postgres:2004@postgres:5432/meteorisk'","logger":"task.stdout"}
{"timestamp":"2026-09-18T14:03:30.442671Z","level":"info","event":"Error fetching data for Aziylal: No connection adapters were found for 'postgresql://postgres:2004@postgres:5432/meteorisk'","logger":"task.stdout"}
{"timestamp":"2026-09-18T14:03:30.443124Z","level":"info","event":"Error fetching data for Boujad: No connection adapters were found for 'postgresql://postgres:2004@postgres:5432/meteorisk'","logger":"task.stdout"}
{"timestamp":"2026-09-18T14:03:30.443710Z","level":"info","event":"Error fetching data for Al Aaroui: No connection adapters were found for 'postgresql://postgres:2004@postgres:5432/meteorisk'","logger":"task.stdout"}
{"timestamp":"2026-09-18T14:03:30.444164Z","level":"info","event":"Error fetching data for Mrirt: No connection adapters were found for 'postgresql://postgres:2004@postgres:5432/meteorisk'","logger":"task.stdout"}
{"timestamp":"2026-09-18T14:03:30.444481Z","level":"info","event":"Error fetching data for Tineghir: No connection adapters were found for 'postgresql://postgres:2004@postgres:5432/meteorisk'","logger":"task.stdout"}
{"timestamp":"2026-09-18T14:03:30.445005Z","level":"info","event":"Error fetching data for Bouknadel: No connection adapters were found for 'postgresql://postgres:2004@postgres:5432/meteorisk'","logger":"task.stdout"}
{"timestamp":"2026-09-18T14:03:30.445982Z","level":"info","event":"Error fetching data for Cabo Bojador: No connection adapters were found for 'postgresql://postgres:2004@postgres:5432/meteorisk'","logger":"task.stdout"}
{"timestamp":"2026-09-18T14:03:30.446855Z","level":"info","event":"Error fetching data for Zagora: No connection adapters were found for 'postgresql://postgres:2004@postgres:5432/meteorisk'","logger":"task.stdout"}
{"timestamp":"2026-09-18T14:03:30.447408Z","level":"info","event":"Error fetching data for Azemmour: No connection adapters were found for 'postgresql://postgres:2004@postgres:5432/meteorisk'","logger":"task.stdout"}
{"timestamp":"2026-09-18T14:03:30.447797Z","level":"info","event":"Error fetching data for El Hajeb: No connection adapters were found for 'postgresql://postgres:2004@postgres:5432/meteorisk'","logger":"task.stdout"}
{"timestamp":"2026-09-18T14:03:30.448160Z","level":"info","event":"Error fetching data for Jerada: No connection adapters were found for 'postgresql://postgres:2004@postgres:5432/meteorisk'","logger":"task.stdout"}
{"timestamp":"2026-09-18T14:03:30.448493Z","level":"info","event":"Error fetching data for El Aïoun: No connection adapters were found for 'postgresql://postgres:2004@postgres:5432/meteorisk'","logger":"task.stdout"}
{"timestamp":"2026-09-18T14:03:30.448813Z","level":"info","event":"Error fetching data for Tameslouht: No connection adapters were found for 'postgresql://postgres:2004@postgres:5432/meteorisk'","logger":"task.stdout"}
{"timestamp":"2026-09-18T14:03:30.449127Z","level":"info","event":"Error fetching data for Sidi Yahia El Gharb: No connection adapters were found for 'postgresql://postgres:2004@postgres:5432/meteorisk'","logger":"task.stdout"}
{"timestamp":"2026-09-18T14:03:30.449440Z","level":"info","event":"Error fetching data for Chichaoua: No connection adapters were found for 'postgresql://postgres:2004@postgres:5432/meteorisk'","logger":"task.stdout"}
{"timestamp":"2026-09-18T14:03:30.449748Z","level":"info","event":"Error fetching data for Al ’Attawia: No connection adapters were found for 'postgresql://postgres:2004@postgres:5432/meteorisk'","logger":"task.stdout"}
{"timestamp":"2026-09-18T14:03:30.450071Z","level":"info","event":"Error fetching data for Tabount: No connection adapters were found for 'postgresql://postgres:2004@postgres:5432/meteorisk'","logger":"task.stdout"}
{"timestamp":"2026-09-18T14:03:30.450362Z","level":"info","event":"Error fetching data for Zaïo: No connection adapters were found for 'postgresql://postgres:2004@postgres:5432/meteorisk'","logger":"task.stdout"}
{"timestamp":"2026-09-18T14:03:30.450680Z","level":"info","event":"Error fetching data for Aguelmous: No connection adapters were found for 'postgresql://postgres:2004@postgres:5432/meteorisk'","logger":"task.stdout"}
{"timestamp":"2026-09-18T14:03:30.450988Z","level":"info","event":"Error fetching data for Asilah: No connection adapters were found for 'postgresql://postgres:2004@postgres:5432/meteorisk'","logger":"task.stdout"}
{"timestamp":"2026-09-18T14:03:30.451296Z","level":"info","event":"Error fetching data for Imzouren: No connection adapters were found for 'postgresql://postgres:2004@postgres:5432/meteorisk'","logger":"task.stdout"}
{"timestamp":"2026-09-18T14:03:30.451602Z","level":"info","event":"Error fetching data for Mediouna: No connection adapters were found for 'postgresql://postgres:2004@postgres:5432/meteorisk'","logger":"task.stdout"}
{"timestamp":"2026-09-18T14:03:30.451910Z","level":"info","event":"Error fetching data for Demnat: No connection adapters were found for 'postgresql://postgres:2004@postgres:5432/meteorisk'","logger":"task.stdout"}
{"timestamp":"2026-09-18T14:03:30.452211Z","level":"info","event":"Error fetching data for Aïn Taoujdat: No connection adapters were found for 'postgresql://postgres:2004@postgres:5432/meteorisk'","logger":"task.stdout"}
{"timestamp":"2026-09-18T14:03:30.452467Z","level":"info","event":"Error fetching data for Sidi Smai’il: No connection adapters were found for 'postgresql://postgres:2004@postgres:5432/meteorisk'","logger":"task.stdout"}
{"timestamp":"2026-09-18T14:03:30.452883Z","level":"info","event":"Error fetching data for Moulay Bousselham: No connection adapters were found for 'postgresql://postgres:2004@postgres:5432/meteorisk'","logger":"task.stdout"}
{"timestamp":"2026-09-18T14:03:30.453276Z","level":"info","event":"Error fetching data for Mechraa Bel Ksiri: No connection adapters were found for 'postgresql://postgres:2004@postgres:5432/meteorisk'","logger":"task.stdout"}
{"timestamp":"2026-09-18T14:03:30.453804Z","level":"info","event":"Error fetching data for Souk et Tnine Jorf el Mellah: No connection adapters were found for 'postgresql://postgres:2004@postgres:5432/meteorisk'","logger":"task.stdout"}
{"timestamp":"2026-09-18T14:03:30.454101Z","level":"info","event":"Error fetching data for Zeghanghane: No connection adapters were found for 'postgresql://postgres:2004@postgres:5432/meteorisk'","logger":"task.stdout"}
{"timestamp":"2026-09-18T14:03:30.454425Z","level":"info","event":"Error fetching data for Oulad Barhil: No connection adapters were found for 'postgresql://postgres:2004@postgres:5432/meteorisk'","logger":"task.stdout"}
{"timestamp":"2026-09-18T14:03:30.454697Z","level":"info","event":"Error fetching data for Bir Jdid: No connection adapters were found for 'postgresql://postgres:2004@postgres:5432/meteorisk'","logger":"task.stdout"}
{"timestamp":"2026-09-18T14:03:30.454965Z","level":"info","event":"Error fetching data for Bou Arfa: No connection adapters were found for 'postgresql://postgres:2004@postgres:5432/meteorisk'","logger":"task.stdout"}
{"timestamp":"2026-09-18T14:03:30.455296Z","level":"info","event":"Error fetching data for Tahannawt: No connection adapters were found for 'postgresql://postgres:2004@postgres:5432/meteorisk'","logger":"task.stdout"}
{"timestamp":"2026-09-18T14:03:30.455700Z","level":"info","event":"Error fetching data for Arfoud: No connection adapters were found for 'postgresql://postgres:2004@postgres:5432/meteorisk'","logger":"task.stdout"}
{"timestamp":"2026-09-18T14:03:30.456103Z","level":"info","event":"Error fetching data for Tahla: No connection adapters were found for 'postgresql://postgres:2004@postgres:5432/meteorisk'","logger":"task.stdout"}
{"timestamp":"2026-09-18T14:03:30.456538Z","level":"info","event":"Error fetching data for Missour: No connection adapters were found for 'postgresql://postgres:2004@postgres:5432/meteorisk'","logger":"task.stdout"}
{"timestamp":"2026-09-18T14:03:30.457025Z","level":"info","event":"Error fetching data for Sidi Lmokhtar: No connection adapters were found for 'postgresql://postgres:2004@postgres:5432/meteorisk'","logger":"task.stdout"}
{"timestamp":"2026-09-18T14:03:30.457885Z","level":"info","event":"Error fetching data for Douar Toulal: No connection adapters were found for 'postgresql://postgres:2004@postgres:5432/meteorisk'","logger":"task.stdout"}
{"timestamp":"2026-09-18T14:03:30.458387Z","level":"info","event":"Error fetching data for Oulad Yaïch: No connection adapters were found for 'postgresql://postgres:2004@postgres:5432/meteorisk'","logger":"task.stdout"}
{"timestamp":"2026-09-18T14:03:30.459658Z","level":"info","event":"Error fetching data for Zawyat ech Cheïkh: No connection adapters were found for 'postgresql://postgres:2004@postgres:5432/meteorisk'","logger":"task.stdout"}
{"timestamp":"2026-09-18T14:03:30.460273Z","level":"info","event":"Error fetching data for Imi-n-Tanout: No connection adapters were found for 'postgresql://postgres:2004@postgres:5432/meteorisk'","logger":"task.stdout"}
{"timestamp":"2026-09-18T14:03:30.460791Z","level":"info","event":"Error fetching data for Sebt Gzoula: No connection adapters were found for 'postgresql://postgres:2004@postgres:5432/meteorisk'","logger":"task.stdout"}
{"timestamp":"2026-09-18T14:03:30.461166Z","level":"info","event":"Error fetching data for Tifariti: No connection adapters were found for 'postgresql://postgres:2004@postgres:5432/meteorisk'","logger":"task.stdout"}
{"timestamp":"2026-09-18T14:03:30.442338Z","level":"error","event":"Task failed with exception","run_id":"manual__2026-09-18T11:25:04.341056+00:00","try_number":2,"map_index":-1,"ti_id":"01a0b4d4-526a-7a94-8594-8902da5af5a6","task_id":"extract_task","dag_id":"meteorisk_etl_pipeline","logger":"task","filename":"task_runner.py","lineno":1676,"error_detail":[{"exc_type":"OSError","exc_value":"Cannot save file into a non-existent directory: 'Bronze'","exc_notes":[],"syntax_error":null,"is_cause":false,"frames":[{"filename":"/home/airflow/.local/lib/python3.13/site-packages/airflow/sdk/execution_time/task_runner.py","lineno":1579,"name":"_run_task_and_map_outcome"},{"filename":"/home/airflow/.local/lib/python3.13/site-packages/airflow/sdk/execution_time/task_runner.py","lineno":197,"name":"wrapper"},{"filename":"/home/airflow/.local/lib/python3.13/site-packages/airflow/sdk/execution_time/task_runner.py","lineno":2234,"name":"_execute_task"},{"filename":"/home/airflow/.local/lib/python3.13/site-packages/airflow/sdk/execution_time/task_runner.py","lineno":197,"name":"wrapper"},{"filename":"/home/airflow/.local/lib/python3.13/site-packages/airflow/sdk/execution_time/task_runner.py","lineno":2192,"name":"_run_execute_callable"},{"filename":"/home/airflow/.local/lib/python3.13/site-packages/airflow/sdk/bases/operator.py","lineno":445,"name":"wrapper"},{"filename":"/home/airflow/.local/lib/python3.13/site-packages/airflow/sdk/bases/decorator.py","lineno":398,"name":"execute"},{"filename":"/home/airflow/.local/lib/python3.13/site-packages/airflow/sdk/bases/operator.py","lineno":445,"name":"wrapper"},{"filename":"/home/airflow/.local/lib/python3.13/site-packages/airflow/providers/standard/operators/python.py","lineno":231,"name":"execute"},{"filename":"/home/airflow/.local/lib/python3.13/site-packages/airflow/providers/standard/operators/python.py","lineno":254,"name":"execute_callable"},{"filename":"/home/airflow/.local/lib/python3.13/site-packages/airflow/sdk/execution_time/callback_runner.py","lineno":97,"name":"run"},{"filename":"/opt/airflow/dags/weather_dag.py","lineno":20,"name":"extract_task"},{"filename":"/opt/airflow/extract.py","lineno":49,"name":"extract"},{"filename":"/home/airflow/.local/lib/python3.13/site-packages/pandas/core/generic.py","lineno":3976,"name":"to_csv"},{"filename":"/home/airflow/.local/lib/python3.13/site-packages/pandas/io/formats/format.py","lineno":1025,"name":"to_csv"},{"filename":"/home/airflow/.local/lib/python3.13/site-packages/pandas/io/formats/csvs.py","lineno":251,"name":"save"},{"filename":"/home/airflow/.local/lib/python3.13/site-packages/pandas/io/common.py","lineno":797,"name":"get_handle"},{"filename":"/home/airflow/.local/lib/python3.13/site-packages/pandas/io/common.py","lineno":656,"name":"check_parent_directory"}],"is_group":false,"exceptions":[]}]}
{"timestamp":"2026-09-18T14:03:30.442882Z","level":"info","event":"::group::Post Execute","run_id":"manual__2026-09-18T11:25:04.341056+00:00","try_number":2,"map_index":-1,"ti_id":"01a0b4d4-526a-7a94-8594-8902da5af5a6","task_id":"extract_task","dag_id":"meteorisk_etl_pipeline","logger":"task","filename":"task_runner.py","lineno":1677}
{"timestamp":"2026-09-18T14:03:30.464905Z","level":"info","event":"::endgroup::","run_id":"manual__2026-09-18T11:25:04.341056+00:00","try_number":2,"map_index":-1,"ti_id":"01a0b4d4-526a-7a94-8594-8902da5af5a6","task_id":"extract_task","dag_id":"meteorisk_etl_pipeline","logger":"task","filename":"task_runner.py","lineno":2379}
