{"timestamp":"2026-09-18T14:07:27.899808Z","level":"info","event":"::group::Pre Execute","logger":"task","filename":"task_runner.py","lineno":2412}
{"timestamp":"2026-09-18T14:07:27.934670Z","level":"info","event":"DAG bundles loaded: dags-folder","try_number":3,"ti_id":"01a0b4d7-f4b3-7536-9a82-4438233d42c1","task_id":"extract_task","run_id":"manual__2026-09-18T11:25:04.341056+00:00","map_index":-1,"dag_id":"meteorisk_etl_pipeline","logger":"airflow.dag_processing.bundles.manager.DagBundlesManager","filename":"manager.py","lineno":304}
{"timestamp":"2026-09-18T14:07:27.940815Z","level":"info","event":"Filling up the DagBag from /opt/airflow/dags/weather_dag.py","try_number":3,"ti_id":"01a0b4d7-f4b3-7536-9a82-4438233d42c1","task_id":"extract_task","run_id":"manual__2026-09-18T11:25:04.341056+00:00","map_index":-1,"dag_id":"meteorisk_etl_pipeline","logger":"airflow.dag_processing.dagbag.BundleDagBag","filename":"dagbag.py","lineno":460}
{"timestamp":"2026-09-18T14:07:28.562704Z","level":"warning","event":"The `airflow.decorators.task` attribute is deprecated. Please use `'airflow.sdk.task'`.","category":"UserWarning","filename":"/opt/airflow/dags/weather_dag.py","lineno":8,"try_number":3,"ti_id":"01a0b4d7-f4b3-7536-9a82-4438233d42c1","task_id":"extract_task","run_id":"manual__2026-09-18T11:25:04.341056+00:00","map_index":-1,"dag_id":"meteorisk_etl_pipeline","logger":"py.warnings"}
{"timestamp":"2026-09-18T14:07:28.563970Z","level":"info","event":"Worker startup parse complete","bundle_name":"dags-folder","bundle_version":null,"dag_file":"weather_dag.py","dag_id":"meteorisk_etl_pipeline","bundle_prepare_ms":6,"dag_file_parse_ms":623,"try_number":3,"ti_id":"01a0b4d7-f4b3-7536-9a82-4438233d42c1","task_id":"extract_task","run_id":"manual__2026-09-18T11:25:04.341056+00:00","map_index":-1,"logger":"task","filename":"task_runner.py","lineno":1073}
{"timestamp":"2026-09-18T14:07:28.591786Z","level":"info","event":"::endgroup::","try_number":3,"ti_id":"01a0b4d7-f4b3-7536-9a82-4438233d42c1","task_id":"extract_task","run_id":"manual__2026-09-18T11:25:04.341056+00:00","map_index":-1,"dag_id":"meteorisk_etl_pipeline","logger":"task","filename":"task_runner.py","lineno":2232}
{"timestamp":"2026-09-18T14:07:28.629702Z","level":"info","event":"Error fetching data for Casablanca: No connection adapters were found for 'postgresql://postgres:2004@postgres:5432/meteorisk'","logger":"task.stdout"}
{"timestamp":"2026-09-18T14:07:28.630735Z","level":"info","event":"Error fetching data for Tangier: No connection adapters were found for 'postgresql://postgres:2004@postgres:5432/meteorisk'","logger":"task.stdout"}
{"timestamp":"2026-09-18T14:07:28.631310Z","level":"info","event":"Error fetching data for Fès: No connection adapters were found for 'postgresql://postgres:2004@postgres:5432/meteorisk'","logger":"task.stdout"}
{"timestamp":"2026-09-18T14:07:28.631995Z","level":"info","event":"Error fetching data for Marrakech: No connection adapters were found for 'postgresql://postgres:2004@postgres:5432/meteorisk'","logger":"task.stdout"}
{"timestamp":"2026-09-18T14:07:28.632614Z","level":"info","event":"Error fetching data for Sale: No connection adapters were found for 'postgresql://postgres:2004@postgres:5432/meteorisk'","logger":"task.stdout"}
{"timestamp":"2026-09-18T14:07:28.633216Z","level":"info","event":"Error fetching data for Meknès: No connection adapters were found for 'postgresql://postgres:2004@postgres:5432/meteorisk'","logger":"task.stdout"}
{"timestamp":"2026-09-18T14:07:28.633728Z","level":"info","event":"Error fetching data for Rabat: No connection adapters were found for 'postgresql://postgres:2004@postgres:5432/meteorisk'","logger":"task.stdout"}
{"timestamp":"2026-09-18T14:07:28.634158Z","level":"info","event":"Error fetching data for Agadir: No connection adapters were found for 'postgresql://postgres:2004@postgres:5432/meteorisk'","logger":"task.stdout"}
{"timestamp":"2026-09-18T14:07:28.634715Z","level":"info","event":"Error fetching data for Kenitra: No connection adapters were found for 'postgresql://postgres:2004@postgres:5432/meteorisk'","logger":"task.stdout"}
{"timestamp":"2026-09-18T14:07:28.635376Z","level":"info","event":"Error fetching data for Oujda-Angad: No connection adapters were found for 'postgresql://postgres:2004@postgres:5432/meteorisk'","logger":"task.stdout"}
{"timestamp":"2026-09-18T14:07:28.636257Z","level":"info","event":"Error fetching data for Tétouan: No connection adapters were found for 'postgresql://postgres:2004@postgres:5432/meteorisk'","logger":"task.stdout"}
{"timestamp":"2026-09-18T14:07:28.637475Z","level":"info","event":"Error fetching data for Safi: No connection adapters were found for 'postgresql://postgres:2004@postgres:5432/meteorisk'","logger":"task.stdout"}
{"timestamp":"2026-09-18T14:07:28.638814Z","level":"info","event":"Error fetching data for Taourirt: No connection adapters were found for 'postgresql://postgres:2004@postgres:5432/meteorisk'","logger":"task.stdout"}
{"timestamp":"2026-09-18T14:07:28.639667Z","level":"info","event":"Error fetching data for Temara: No connection adapters were found for 'postgresql://postgres:2004@postgres:5432/meteorisk'","logger":"task.stdout"}
{"timestamp":"2026-09-18T14:07:28.640338Z","level":"info","event":"Error fetching data for Laâyoune: No connection adapters were found for 'postgresql://postgres:2004@postgres:5432/meteorisk'","logger":"task.stdout"}
{"timestamp":"2026-09-18T14:07:28.640807Z","level":"info","event":"Error fetching data for El Jadid: No connection adapters were found for 'postgresql://postgres:2004@postgres:5432/meteorisk'","logger":"task.stdout"}
{"timestamp":"2026-09-18T14:07:28.641146Z","level":"info","event":"Error fetching data for Ait Melloul: No connection adapters were found for 'postgresql://postgres:2004@postgres:5432/meteorisk'","logger":"task.stdout"}
{"timestamp":"2026-09-18T14:07:28.641444Z","level":"info","event":"Error fetching data for Béni Mellal: No connection adapters were found for 'postgresql://postgres:2004@postgres:5432/meteorisk'","logger":"task.stdout"}
{"timestamp":"2026-09-18T14:07:28.641763Z","level":"info","event":"Error fetching data for Bouskoura: No connection adapters were found for 'postgresql://postgres:2004@postgres:5432/meteorisk'","logger":"task.stdout"}
{"timestamp":"2026-09-18T14:07:28.642235Z","level":"info","event":"Error fetching data for Tiznit: No connection adapters were found for 'postgresql://postgres:2004@postgres:5432/meteorisk'","logger":"task.stdout"}
{"timestamp":"2026-09-18T14:07:28.642630Z","level":"info","event":"Error fetching data for Mohammedia: No connection adapters were found for 'postgresql://postgres:2004@postgres:5432/meteorisk'","logger":"task.stdout"}
{"timestamp":"2026-09-18T14:07:28.642999Z","level":"info","event":"Error fetching data for Kouribga: No connection adapters were found for 'postgresql://postgres:2004@postgres:5432/meteorisk'","logger":"task.stdout"}
{"timestamp":"2026-09-18T14:07:28.643533Z","level":"info","event":"Error fetching data for Settat: No connection adapters were found for 'postgresql://postgres:2004@postgres:5432/meteorisk'","logger":"task.stdout"}
{"timestamp":"2026-09-18T14:07:28.643928Z","level":"info","event":"Error fetching data for Barrechid: No connection adapters were found for 'postgresql://postgres:2004@postgres:5432/meteorisk'","logger":"task.stdout"}
{"timestamp":"2026-09-18T14:07:28.644244Z","level":"info","event":"Error fetching data for Ad Dakhla: No connection adapters were found for 'postgresql://postgres:2004@postgres:5432/meteorisk'","logger":"task.stdout"}
{"timestamp":"2026-09-18T14:07:28.644718Z","level":"info","event":"Error fetching data for Nador: No connection adapters were found for 'postgresql://postgres:2004@postgres:5432/meteorisk'","logger":"task.stdout"}
{"timestamp":"2026-09-18T14:07:28.645051Z","level":"info","event":"Error fetching data for Taza: No connection adapters were found for 'postgresql://postgres:2004@postgres:5432/meteorisk'","logger":"task.stdout"}
{"timestamp":"2026-09-18T14:07:28.645425Z","level":"info","event":"Error fetching data for Inezgane: No connection adapters were found for 'postgresql://postgres:2004@postgres:5432/meteorisk'","logger":"task.stdout"}
{"timestamp":"2026-09-18T14:07:28.645824Z","level":"info","event":"Error fetching data for Larache: No connection adapters were found for 'postgresql://postgres:2004@postgres:5432/meteorisk'","logger":"task.stdout"}
{"timestamp":"2026-09-18T14:07:28.646173Z","level":"info","event":"Error fetching data for Al Khmissat: No connection adapters were found for 'postgresql://postgres:2004@postgres:5432/meteorisk'","logger":"task.stdout"}
{"timestamp":"2026-09-18T14:07:28.646472Z","level":"info","event":"Error fetching data for Guelmim: No connection adapters were found for 'postgresql://postgres:2004@postgres:5432/meteorisk'","logger":"task.stdout"}
{"timestamp":"2026-09-18T14:07:28.646751Z","level":"info","event":"Error fetching data for Ksar El Kebir: No connection adapters were found for 'postgresql://postgres:2004@postgres:5432/meteorisk'","logger":"task.stdout"}
{"timestamp":"2026-09-18T14:07:28.647046Z","level":"info","event":"Error fetching data for Khénifra: No connection adapters were found for 'postgresql://postgres:2004@postgres:5432/meteorisk'","logger":"task.stdout"}
{"timestamp":"2026-09-18T14:07:28.647341Z","level":"info","event":"Error fetching data for Skhirate: No connection adapters were found for 'postgresql://postgres:2004@postgres:5432/meteorisk'","logger":"task.stdout"}
{"timestamp":"2026-09-18T14:07:28.647725Z","level":"info","event":"Error fetching data for Beni Yakhlef: No connection adapters were found for 'postgresql://postgres:2004@postgres:5432/meteorisk'","logger":"task.stdout"}
{"timestamp":"2026-09-18T14:07:28.648175Z","level":"info","event":"Error fetching data for Sidi Yahya Zaer: No connection adapters were found for 'postgresql://postgres:2004@postgres:5432/meteorisk'","logger":"task.stdout"}
{"timestamp":"2026-09-18T14:07:28.648506Z","level":"info","event":"Error fetching data for Ben Guerir: No connection adapters were found for 'postgresql://postgres:2004@postgres:5432/meteorisk'","logger":"task.stdout"}
{"timestamp":"2026-09-18T14:07:28.648796Z","level":"info","event":"Error fetching data for Ait Ali: No connection adapters were found for 'postgresql://postgres:2004@postgres:5432/meteorisk'","logger":"task.stdout"}
{"timestamp":"2026-09-18T14:07:28.649089Z","level":"info","event":"Error fetching data for My Drarga: No connection adapters were found for 'postgresql://postgres:2004@postgres:5432/meteorisk'","logger":"task.stdout"}
{"timestamp":"2026-09-18T14:07:28.649367Z","level":"info","event":"Error fetching data for Lqoliaa: No connection adapters were found for 'postgresql://postgres:2004@postgres:5432/meteorisk'","logger":"task.stdout"}
{"timestamp":"2026-09-18T14:07:28.650032Z","level":"info","event":"Error fetching data for El Kelaa des Srarhna: No connection adapters were found for 'postgresql://postgres:2004@postgres:5432/meteorisk'","logger":"task.stdout"}
{"timestamp":"2026-09-18T14:07:28.650508Z","level":"info","event":"Error fetching data for Moulay Abdallah: No connection adapters were found for 'postgresql://postgres:2004@postgres:5432/meteorisk'","logger":"task.stdout"}
{"timestamp":"2026-09-18T14:07:28.650976Z","level":"info","event":"Error fetching data for Tiflet: No connection adapters were found for 'postgresql://postgres:2004@postgres:5432/meteorisk'","logger":"task.stdout"}
{"timestamp":"2026-09-18T14:07:28.651582Z","level":"info","event":"Error fetching data for Oulad Teïma: No connection adapters were found for 'postgresql://postgres:2004@postgres:5432/meteorisk'","logger":"task.stdout"}
{"timestamp":"2026-09-18T14:07:28.652343Z","level":"info","event":"Error fetching data for Berkane: No connection adapters were found for 'postgresql://postgres:2004@postgres:5432/meteorisk'","logger":"task.stdout"}
{"timestamp":"2026-09-18T14:07:28.652962Z","level":"info","event":"Error fetching data for Ain El Aouda: No connection adapters were found for 'postgresql://postgres:2004@postgres:5432/meteorisk'","logger":"task.stdout"}
{"timestamp":"2026-09-18T14:07:28.653318Z","level":"info","event":"Error fetching data for Errachidia: No connection adapters were found for 'postgresql://postgres:2004@postgres:5432/meteorisk'","logger":"task.stdout"}
{"timestamp":"2026-09-18T14:07:28.654039Z","level":"info","event":"Error fetching data for Al Fqih Ben Çalah: No connection adapters were found for 'postgresql://postgres:2004@postgres:5432/meteorisk'","logger":"task.stdout"}
{"timestamp":"2026-09-18T14:07:28.654696Z","level":"info","event":"Error fetching data for Ad Darwa: No connection adapters were found for 'postgresql://postgres:2004@postgres:5432/meteorisk'","logger":"task.stdout"}
{"timestamp":"2026-09-18T14:07:28.655237Z","level":"info","event":"Error fetching data for Martil: No connection adapters were found for 'postgresql://postgres:2004@postgres:5432/meteorisk'","logger":"task.stdout"}
{"timestamp":"2026-09-18T14:07:28.655677Z","level":"info","event":"Error fetching data for Sidi Slimane: No connection adapters were found for 'postgresql://postgres:2004@postgres:5432/meteorisk'","logger":"task.stdout"}
{"timestamp":"2026-09-18T14:07:28.656108Z","level":"info","event":"Error fetching data for Oued Zem: No connection adapters were found for 'postgresql://postgres:2004@postgres:5432/meteorisk'","logger":"task.stdout"}
{"timestamp":"2026-09-18T14:07:28.656436Z","level":"info","event":"Error fetching data for Sefrou: No connection adapters were found for 'postgresql://postgres:2004@postgres:5432/meteorisk'","logger":"task.stdout"}
{"timestamp":"2026-09-18T14:07:28.656851Z","level":"info","event":"Error fetching data for Taroudannt: No connection adapters were found for 'postgresql://postgres:2004@postgres:5432/meteorisk'","logger":"task.stdout"}
{"timestamp":"2026-09-18T14:07:28.657192Z","level":"info","event":"Error fetching data for Essaouira: No connection adapters were found for 'postgresql://postgres:2004@postgres:5432/meteorisk'","logger":"task.stdout"}
{"timestamp":"2026-09-18T14:07:28.657624Z","level":"info","event":"Error fetching data for Azrou: No connection adapters were found for 'postgresql://postgres:2004@postgres:5432/meteorisk'","logger":"task.stdout"}
{"timestamp":"2026-09-18T14:07:28.657942Z","level":"info","event":"Error fetching data for Guercif: No connection adapters were found for 'postgresql://postgres:2004@postgres:5432/meteorisk'","logger":"task.stdout"}
{"timestamp":"2026-09-18T14:07:28.658332Z","level":"info","event":"Error fetching data for Warzat: No connection adapters were found for 'postgresql://postgres:2004@postgres:5432/meteorisk'","logger":"task.stdout"}
{"timestamp":"2026-09-18T14:07:28.658709Z","level":"info","event":"Error fetching data for Fnidq: No connection adapters were found for 'postgresql://postgres:2004@postgres:5432/meteorisk'","logger":"task.stdout"}
{"timestamp":"2026-09-18T14:07:28.659072Z","level":"info","event":"Error fetching data for Tan-Tan: No connection adapters were found for 'postgresql://postgres:2004@postgres:5432/meteorisk'","logger":"task.stdout"}
{"timestamp":"2026-09-18T14:07:28.659472Z","level":"info","event":"Error fetching data for Sidi Qacem: No connection adapters were found for 'postgresql://postgres:2004@postgres:5432/meteorisk'","logger":"task.stdout"}
{"timestamp":"2026-09-18T14:07:28.659839Z","level":"info","event":"Error fetching data for M’diq: No connection adapters were found for 'postgresql://postgres:2004@postgres:5432/meteorisk'","logger":"task.stdout"}
{"timestamp":"2026-09-18T14:07:28.660354Z","level":"info","event":"Error fetching data for Youssoufia: No connection adapters were found for 'postgresql://postgres:2004@postgres:5432/meteorisk'","logger":"task.stdout"}
{"timestamp":"2026-09-18T14:07:28.660796Z","level":"info","event":"Error fetching data for Midalt: No connection adapters were found for 'postgresql://postgres:2004@postgres:5432/meteorisk'","logger":"task.stdout"}
{"timestamp":"2026-09-18T14:07:28.661172Z","level":"info","event":"Error fetching data for Aïn Harrouda: No connection adapters were found for 'postgresql://postgres:2004@postgres:5432/meteorisk'","logger":"task.stdout"}
{"timestamp":"2026-09-18T14:07:28.661793Z","level":"info","event":"Error fetching data for Souq Sebt Oulad Nemma: No connection adapters were found for 'postgresql://postgres:2004@postgres:5432/meteorisk'","logger":"task.stdout"}
{"timestamp":"2026-09-18T14:07:28.662334Z","level":"info","event":"Error fetching data for Mehdya: No connection adapters were found for 'postgresql://postgres:2004@postgres:5432/meteorisk'","logger":"task.stdout"}
{"timestamp":"2026-09-18T14:07:28.662722Z","level":"info","event":"Error fetching data for Ouezzane: No connection adapters were found for 'postgresql://postgres:2004@postgres:5432/meteorisk'","logger":"task.stdout"}
{"timestamp":"2026-09-18T14:07:28.663055Z","level":"info","event":"Error fetching data for Semara: No connection adapters were found for 'postgresql://postgres:2004@postgres:5432/meteorisk'","logger":"task.stdout"}
{"timestamp":"2026-09-18T14:07:28.663381Z","level":"info","event":"Error fetching data for Ait Ourir: No connection adapters were found for 'postgresql://postgres:2004@postgres:5432/meteorisk'","logger":"task.stdout"}
{"timestamp":"2026-09-18T14:07:28.663694Z","level":"info","event":"Error fetching data for Oulad Tayeb: No connection adapters were found for 'postgresql://postgres:2004@postgres:5432/meteorisk'","logger":"task.stdout"}
{"timestamp":"2026-09-18T14:07:28.664064Z","level":"info","event":"Error fetching data for Tit Mellil: No connection adapters were found for 'postgresql://postgres:2004@postgres:5432/meteorisk'","logger":"task.stdout"}
{"timestamp":"2026-09-18T14:07:28.664472Z","level":"info","event":"Error fetching data for Sidi Bennour: No connection adapters were found for 'postgresql://postgres:2004@postgres:5432/meteorisk'","logger":"task.stdout"}
{"timestamp":"2026-09-18T14:07:28.664940Z","level":"info","event":"Error fetching data for Temsia: No connection adapters were found for 'postgresql://postgres:2004@postgres:5432/meteorisk'","logger":"task.stdout"}
{"timestamp":"2026-09-18T14:07:28.665335Z","level":"info","event":"Error fetching data for Biougra: No connection adapters were found for 'postgresql://postgres:2004@postgres:5432/meteorisk'","logger":"task.stdout"}
{"timestamp":"2026-09-18T14:07:28.665699Z","level":"info","event":"Error fetching data for Al Hoceïma: No connection adapters were found for 'postgresql://postgres:2004@postgres:5432/meteorisk'","logger":"task.stdout"}
{"timestamp":"2026-09-18T14:07:28.666210Z","level":"info","event":"Error fetching data for Qasbat Tadla: No connection adapters were found for 'postgresql://postgres:2004@postgres:5432/meteorisk'","logger":"task.stdout"}
{"timestamp":"2026-09-18T14:07:28.666701Z","level":"info","event":"Error fetching data for Aziylal: No connection adapters were found for 'postgresql://postgres:2004@postgres:5432/meteorisk'","logger":"task.stdout"}
{"timestamp":"2026-09-18T14:07:28.667076Z","level":"info","event":"Error fetching data for Boujad: No connection adapters were found for 'postgresql://postgres:2004@postgres:5432/meteorisk'","logger":"task.stdout"}
{"timestamp":"2026-09-18T14:07:28.667752Z","level":"info","event":"Error fetching data for Al Aaroui: No connection adapters were found for 'postgresql://postgres:2004@postgres:5432/meteorisk'","logger":"task.stdout"}
{"timestamp":"2026-09-18T14:07:28.668687Z","level":"info","event":"Error fetching data for Mrirt: No connection adapters were found for 'postgresql://postgres:2004@postgres:5432/meteorisk'","logger":"task.stdout"}
{"timestamp":"2026-09-18T14:07:28.669297Z","level":"info","event":"Error fetching data for Tineghir: No connection adapters were found for 'postgresql://postgres:2004@postgres:5432/meteorisk'","logger":"task.stdout"}
{"timestamp":"2026-09-18T14:07:28.669765Z","level":"info","event":"Error fetching data for Bouknadel: No connection adapters were found for 'postgresql://postgres:2004@postgres:5432/meteorisk'","logger":"task.stdout"}
{"timestamp":"2026-09-18T14:07:28.670178Z","level":"info","event":"Error fetching data for Cabo Bojador: No connection adapters were found for 'postgresql://postgres:2004@postgres:5432/meteorisk'","logger":"task.stdout"}
{"timestamp":"2026-09-18T14:07:28.670788Z","level":"info","event":"Error fetching data for Zagora: No connection adapters were found for 'postgresql://postgres:2004@postgres:5432/meteorisk'","logger":"task.stdout"}
{"timestamp":"2026-09-18T14:07:28.671303Z","level":"info","event":"Error fetching data for Azemmour: No connection adapters were found for 'postgresql://postgres:2004@postgres:5432/meteorisk'","logger":"task.stdout"}
{"timestamp":"2026-09-18T14:07:28.671778Z","level":"info","event":"Error fetching data for El Hajeb: No connection adapters were found for 'postgresql://postgres:2004@postgres:5432/meteorisk'","logger":"task.stdout"}
{"timestamp":"2026-09-18T14:07:28.672358Z","level":"info","event":"Error fetching data for Jerada: No connection adapters were found for 'postgresql://postgres:2004@postgres:5432/meteorisk'","logger":"task.stdout"}
{"timestamp":"2026-09-18T14:07:28.672894Z","level":"info","event":"Error fetching data for El Aïoun: No connection adapters were found for 'postgresql://postgres:2004@postgres:5432/meteorisk'","logger":"task.stdout"}
{"timestamp":"2026-09-18T14:07:28.673346Z","level":"info","event":"Error fetching data for Tameslouht: No connection adapters were found for 'postgresql://postgres:2004@postgres:5432/meteorisk'","logger":"task.stdout"}
{"timestamp":"2026-09-18T14:07:28.673701Z","level":"info","event":"Error fetching data for Sidi Yahia El Gharb: No connection adapters were found for 'postgresql://postgres:2004@postgres:5432/meteorisk'","logger":"task.stdout"}
{"timestamp":"2026-09-18T14:07:28.674051Z","level":"info","event":"Error fetching data for Chichaoua: No connection adapters were found for 'postgresql://postgres:2004@postgres:5432/meteorisk'","logger":"task.stdout"}
{"timestamp":"2026-09-18T14:07:28.674394Z","level":"info","event":"Error fetching data for Al ’Attawia: No connection adapters were found for 'postgresql://postgres:2004@postgres:5432/meteorisk'","logger":"task.stdout"}
{"timestamp":"2026-09-18T14:07:28.674746Z","level":"info","event":"Error fetching data for Tabount: No connection adapters were found for 'postgresql://postgres:2004@postgres:5432/meteorisk'","logger":"task.stdout"}
{"timestamp":"2026-09-18T14:07:28.675091Z","level":"info","event":"Error fetching data for Zaïo: No connection adapters were found for 'postgresql://postgres:2004@postgres:5432/meteorisk'","logger":"task.stdout"}
{"timestamp":"2026-09-18T14:07:28.675431Z","level":"info","event":"Error fetching data for Aguelmous: No connection adapters were found for 'postgresql://postgres:2004@postgres:5432/meteorisk'","logger":"task.stdout"}
{"timestamp":"2026-09-18T14:07:28.675753Z","level":"info","event":"Error fetching data for Asilah: No connection adapters were found for 'postgresql://postgres:2004@postgres:5432/meteorisk'","logger":"task.stdout"}
{"timestamp":"2026-09-18T14:07:28.676096Z","level":"info","event":"Error fetching data for Imzouren: No connection adapters were found for 'postgresql://postgres:2004@postgres:5432/meteorisk'","logger":"task.stdout"}
{"timestamp":"2026-09-18T14:07:28.676436Z","level":"info","event":"Error fetching data for Mediouna: No connection adapters were found for 'postgresql://postgres:2004@postgres:5432/meteorisk'","logger":"task.stdout"}
{"timestamp":"2026-09-18T14:07:28.676772Z","level":"info","event":"Error fetching data for Demnat: No connection adapters were found for 'postgresql://postgres:2004@postgres:5432/meteorisk'","logger":"task.stdout"}
{"timestamp":"2026-09-18T14:07:28.677111Z","level":"info","event":"Error fetching data for Aïn Taoujdat: No connection adapters were found for 'postgresql://postgres:2004@postgres:5432/meteorisk'","logger":"task.stdout"}
{"timestamp":"2026-09-18T14:07:28.677559Z","level":"info","event":"Error fetching data for Sidi Smai’il: No connection adapters were found for 'postgresql://postgres:2004@postgres:5432/meteorisk'","logger":"task.stdout"}
{"timestamp":"2026-09-18T14:07:28.678018Z","level":"info","event":"Error fetching data for Moulay Bousselham: No connection adapters were found for 'postgresql://postgres:2004@postgres:5432/meteorisk'","logger":"task.stdout"}
{"timestamp":"2026-09-18T14:07:28.678341Z","level":"info","event":"Error fetching data for Mechraa Bel Ksiri: No connection adapters were found for 'postgresql://postgres:2004@postgres:5432/meteorisk'","logger":"task.stdout"}
{"timestamp":"2026-09-18T14:07:28.678724Z","level":"info","event":"Error fetching data for Souk et Tnine Jorf el Mellah: No connection adapters were found for 'postgresql://postgres:2004@postgres:5432/meteorisk'","logger":"task.stdout"}
{"timestamp":"2026-09-18T14:07:28.679069Z","level":"info","event":"Error fetching data for Zeghanghane: No connection adapters were found for 'postgresql://postgres:2004@postgres:5432/meteorisk'","logger":"task.stdout"}
{"timestamp":"2026-09-18T14:07:28.679424Z","level":"info","event":"Error fetching data for Oulad Barhil: No connection adapters were found for 'postgresql://postgres:2004@postgres:5432/meteorisk'","logger":"task.stdout"}
{"timestamp":"2026-09-18T14:07:28.679925Z","level":"info","event":"Error fetching data for Bir Jdid: No connection adapters were found for 'postgresql://postgres:2004@postgres:5432/meteorisk'","logger":"task.stdout"}
{"timestamp":"2026-09-18T14:07:28.680461Z","level":"info","event":"Error fetching data for Bou Arfa: No connection adapters were found for 'postgresql://postgres:2004@postgres:5432/meteorisk'","logger":"task.stdout"}
{"timestamp":"2026-09-18T14:07:28.680976Z","level":"info","event":"Error fetching data for Tahannawt: No connection adapters were found for 'postgresql://postgres:2004@postgres:5432/meteorisk'","logger":"task.stdout"}
{"timestamp":"2026-09-18T14:07:28.681479Z","level":"info","event":"Error fetching data for Arfoud: No connection adapters were found for 'postgresql://postgres:2004@postgres:5432/meteorisk'","logger":"task.stdout"}
{"timestamp":"2026-09-18T14:07:28.681979Z","level":"info","event":"Error fetching data for Tahla: No connection adapters were found for 'postgresql://postgres:2004@postgres:5432/meteorisk'","logger":"task.stdout"}
{"timestamp":"2026-09-18T14:07:28.682482Z","level":"info","event":"Error fetching data for Missour: No connection adapters were found for 'postgresql://postgres:2004@postgres:5432/meteorisk'","logger":"task.stdout"}
{"timestamp":"2026-09-18T14:07:28.683063Z","level":"info","event":"Error fetching data for Sidi Lmokhtar: No connection adapters were found for 'postgresql://postgres:2004@postgres:5432/meteorisk'","logger":"task.stdout"}
{"timestamp":"2026-09-18T14:07:28.683511Z","level":"info","event":"Error fetching data for Douar Toulal: No connection adapters were found for 'postgresql://postgres:2004@postgres:5432/meteorisk'","logger":"task.stdout"}
{"timestamp":"2026-09-18T14:07:28.683798Z","level":"info","event":"Error fetching data for Oulad Yaïch: No connection adapters were found for 'postgresql://postgres:2004@postgres:5432/meteorisk'","logger":"task.stdout"}
{"timestamp":"2026-09-18T14:07:28.684056Z","level":"info","event":"Error fetching data for Zawyat ech Cheïkh: No connection adapters were found for 'postgresql://postgres:2004@postgres:5432/meteorisk'","logger":"task.stdout"}
{"timestamp":"2026-09-18T14:07:28.684309Z","level":"info","event":"Error fetching data for Imi-n-Tanout: No connection adapters were found for 'postgresql://postgres:2004@postgres:5432/meteorisk'","logger":"task.stdout"}
{"timestamp":"2026-09-18T14:07:28.684672Z","level":"info","event":"Error fetching data for Sebt Gzoula: No connection adapters were found for 'postgresql://postgres:2004@postgres:5432/meteorisk'","logger":"task.stdout"}
{"timestamp":"2026-09-18T14:07:28.685128Z","level":"info","event":"Error fetching data for Tifariti: No connection adapters were found for 'postgresql://postgres:2004@postgres:5432/meteorisk'","logger":"task.stdout"}
{"timestamp":"2026-09-18T14:07:28.694219Z","level":"info","event":"Bronze extraction complete.","logger":"task.stdout"}
{"timestamp":"2026-09-18T14:07:28.694272Z","level":"info","event":"Done. Returned value was: None","try_number":3,"ti_id":"01a0b4d7-f4b3-7536-9a82-4438233d42c1","task_id":"extract_task","run_id":"manual__2026-09-18T11:25:04.341056+00:00","map_index":-1,"dag_id":"meteorisk_etl_pipeline","logger":"airflow.task.operators.airflow.providers.standard.decorators.python._PythonDecoratedOperator","filename":"python.py","lineno":233}
{"timestamp":"2026-09-18T14:07:28.694507Z","level":"info","event":"::group::Post Execute","try_number":3,"ti_id":"01a0b4d7-f4b3-7536-9a82-4438233d42c1","task_id":"extract_task","run_id":"manual__2026-09-18T11:25:04.341056+00:00","map_index":-1,"dag_id":"meteorisk_etl_pipeline","logger":"task","filename":"task_runner.py","lineno":1580}
{"timestamp":"2026-09-18T14:07:28.730309Z","level":"info","event":"::endgroup::","try_number":3,"ti_id":"01a0b4d7-f4b3-7536-9a82-4438233d42c1","task_id":"extract_task","run_id":"manual__2026-09-18T11:25:04.341056+00:00","map_index":-1,"dag_id":"meteorisk_etl_pipeline","logger":"task","filename":"task_runner.py","lineno":2379}
